// Jest Snapshot v1, https://goo.gl/fbAQLP

exports[`SearchBox test suite expect to render SearchBox component 1`] = `ShallowWrapper {}`;
