// Jest Snapshot v1, https://goo.gl/fbAQLP

exports[`expect to render card component with monster data as props 1`] = `ShallowWrapper {}`;
